1% Converting input to HTML...
InputFormatPlugin: EPUB Input running
on C:\interlanguage-production\openlogic-mr-Deva-IN\repo\releases\eleven-chapters-v0.8\openlogic-mr-eleven-chapters.epub
Parsing all content...
34% Running transforms on e-book...
Merging user specified metadata...
Detecting structure...
Flattening CSS and remapping font sizes...
Ignoring CSS rule with invalid selector: 'a:focus-visible' (The pseudo-class :focus-visible is not supported)
Ignoring CSS rule with invalid selector: 'a:focus-visible' (The pseudo-class :focus-visible is not supported)
Source base font size is 12.00000pt
Removing fake margins...
Cleaning up manifest...
Trimming unused files from manifest...
Trimming 'OEBPS/fonts/OFL.txt' from manifest
Creating PDF Output...
67% Running PDF Output plugin
68% Parsed all content for markup transformation
70% Completed markup transformation
Rendering 2 HTML files
90% Rendered all HTML as PDF
91% Added links to PDF content
Removed 2 unused fonts
Merged 4 instances of AAAAAA+OLMarathiSerif-Regular reducing size from 71.9 KB to 45.5 KB
Merged 2 instances of BAAAAA+OLMarathiSerif-Bold reducing size from 24.1 KB to 24.3 KB
Merged 2 instances of GAAAAA+NirmalaUI reducing size from 20.6 KB to 20.6 KB
Merged 4 instances of IAAAAA+SegoeUISymbol reducing size from 62.7 KB to 17.5 KB
Merged 2 instances of RAAAAA+CambriaMath reducing size from 22.1 KB to 22.1 KB
Merged 2 instances of SAAAAA+TimesNewRomanPSMT reducing size from 36.9 KB to 21.5 KB
Merged 2 instances of TAAAAA+CourierNewPSMT reducing size from 16.6 KB to 16.6 KB
Merged 2 instances of AAAAAA+OLMarathiSerif-Bold reducing size from 9.5 KB to 9.5 KB
Merged 4 instances of BAAAAA+OLMarathiSerif-Regular reducing size from 33.3 KB to 23.5 KB
Removed 41 duplicated Type3 glyphs
100% Updated metadata in PDF
PDF output written to C:\interlanguage-production\openlogic-mr-Deva-IN\repo\tmp\pdfs\openlogic-mr-eleven-chapters-epub-render.pdf
Output saved to   C:\interlanguage-production\openlogic-mr-Deva-IN\repo\tmp\pdfs\openlogic-mr-eleven-chapters-epub-render.pdf
